2026-03-25T00:37:52.503354+00:00 [CLI] CLI timed out after 60s
2026-03-25T00:51:09.887336+00:00 [CLI] CLI timed out after 60s
2026-03-25T00:53:02.466210+00:00 [CLI] CLI timed out after 60s
2026-03-25T06:09:10.645125+00:00 [CLI] CLI timed out after 60s
2026-03-26T10:17:59.702187+00:00 [CLI] CLI timed out after 60s
2026-03-26T10:29:13.946929+00:00 [CLI] CLI timed out after 60s
2026-03-26T10:31:28.220099+00:00 [CLI] CLI timed out after 60s
2026-03-26T10:32:34.193819+00:00 [CLI] CLI timed out after 60s
2026-03-28T00:39:24.243545+00:00 [CLI] CLI timed out after 60s
2026-03-28T00:57:03.708059+00:00 [CLI] CLI timed out after 60s
2026-03-28T01:14:38.501936+00:00 [CLI] CLI timed out after 60s
2026-03-29T06:55:18.874534+00:00 [CLI] CLI timed out after 60s
2026-03-29T06:58:27.195286+00:00 [CLI] CLI timed out after 60s
2026-03-29T07:00:50.918139+00:00 [CLI] CLI timed out after 60s
2026-03-29T11:20:22.354114+00:00 [CLI] CLI timed out after 60s
2026-03-29T11:40:31.044331+00:00 [CLI] CLI timed out after 60s
2026-03-30T11:17:22.424104+00:00 [CLI] CLI timed out after 60s
2026-03-31T04:03:51.364912+00:00 [CLI] CLI timed out after 60s
2026-03-31T11:30:35.304827+00:00 [CLI] CLI timed out after 60s
2026-04-01T15:12:01.391043+00:00 [CLI] CLI timed out after 60s
2026-04-02T00:43:10.505547+00:00 [CLI] CLI timed out after 60s
2026-04-02T01:12:46.974050+00:00 [CLI] CLI timed out after 60s
2026-04-02T10:16:07.139290+00:00 [CLI] CLI timed out after 60s
2026-04-02T10:20:26.024175+00:00 [CLI] CLI timed out after 60s
2026-04-02T10:33:14.273523+00:00 [CLI] CLI timed out after 60s
2026-04-02T16:42:02.131047+00:00 [CLI] CLI timed out after 60s
2026-04-03T01:35:52.318583+00:00 [CLI] CLI timed out after 60s
2026-04-03T01:43:21.153011+00:00 [CLI] CLI timed out after 60s
2026-04-05T09:22:20.217995+00:00 [CLI] CLI timed out after 60s
2026-04-05T16:49:44.516514+00:00 [CLI] CLI returned OK but output too short (0 chars): 
2026-04-09T05:09:37.604619+00:00 [CLI] CLI timed out after 60s
2026-04-09T05:19:40.549975+00:00 [CLI] CLI timed out after 60s
2026-04-09T05:35:39.995235+00:00 [CLI] CLI timed out after 60s
2026-04-09T06:05:41.204348+00:00 [CLI] CLI timed out after 60s
2026-04-09T06:14:41.038848+00:00 [CLI] CLI timed out after 60s
2026-04-09T06:16:26.314747+00:00 [CLI] CLI timed out after 60s
2026-04-09T06:17:32.748275+00:00 [CLI] CLI timed out after 60s
2026-04-09T21:21:41.275854+00:00 [CLI] CLI timed out after 60s
2026-04-13T07:14:02.886642+00:00 [CLI] CLI timed out after 60s
2026-04-16T23:00:06.064630+00:00 [CLI] CLI timed out after 60s
2026-04-16T23:00:06.077468+00:00 INFO empty_cli_response | 20260416-225856-028
2026-04-16T23:22:18.053369+00:00 [CLI] CLI timed out after 60s
2026-04-16T23:22:18.066491+00:00 INFO empty_cli_response | 20260416-225856-028
2026-04-17T01:13:12.233268+00:00 [CLI] CLI timed out after 60s
2026-04-17T01:13:12.247659+00:00 INFO empty_cli_response | 20260416-225856-028
2026-04-17T01:20:48.811194+00:00 [CLI] CLI timed out after 60s
2026-04-17T01:20:48.822783+00:00 INFO empty_cli_response | 20260416-225856-028
2026-04-18T18:41:15.831934+00:00 [CLI] CLI timed out after 60s
2026-04-18T18:41:15.845869+00:00 INFO empty_cli_response | 20260418-183740-286
2026-05-01T02:33:27.225128+00:00 INFO parse_failed | sid=20260501-022933-976 raw=```json {"request":"重新写一个可读性更强的 README，参考 deepagents 格式，重新扫描项目特色后重写","completed":"分析 deepagents README 风格（产品语言、层级递进）| 扫描项目核心差异：soul.md 持久身份、4 层记忆金字塔、Heartbeat/Dream 自治、6 个 IM 渠道、HR Agent 创建、企业治理 | 重写 README（196 行）：居中标题+tagline+卖点+徽章替代干瘪定义 | Memory Pyramid 单独成节强调 source of truth | 添加 5 道 FAQ | 架构简化到 "Architecture at a glance" 指向 ENGINEERING.md","learned":"deepagents 用产品语言（\"Background daemons think...\"）而非术语（\"15-Event Hook System\"）更能抓住读者 | README 需要清晰的叙述递进：卖点→Quickst
2026-05-19T02:18:03.206907+00:00 INFO parse_failed | sid=20260519-021650-080 raw=```json {"request":"","completed":"","learned":"","next_steps":""} ```
2026-05-19T02:29:16.471863+00:00 INFO parse_failed | sid=20260519-021650-080 raw=```json {"request":"","completed":"","learned":"","next_steps":""} ```
2026-05-26T03:30:24.232836+00:00 [CLI] CLI timed out after 60s
2026-05-26T03:30:24.243751+00:00 INFO empty_cli_response | 20260526-024743-331
